// Jest Snapshot v1, https://goo.gl/fbAQLP

exports[`Admin-site <Container /> renders snapshot of Container 1`] = `
<WithStyles(Container)>
  <Container
    classes={
      Object {
        "container": "Container-container-2",
        "content": "Container-content-1",
      }
    }
  >
    <div
      className="admin-login Container-container-2"
    >
      <section
        className="content-section Container-content-1"
      >
        <WithStyles(Grid)
          alignItems="flex-start"
          container={true}
          justify="center"
        >
          <Grid
            alignContent="stretch"
            alignItems="flex-start"
            classes={
              Object {
                "align-content-xs-center": "MuiGrid-align-content-xs-center-15",
                "align-content-xs-flex-end": "MuiGrid-align-content-xs-flex-end-17",
                "align-content-xs-flex-start": "MuiGrid-align-content-xs-flex-start-16",
                "align-content-xs-space-around": "MuiGrid-align-content-xs-space-around-19",
                "align-content-xs-space-between": "MuiGrid-align-content-xs-space-between-18",
                "align-items-xs-baseline": "MuiGrid-align-items-xs-baseline-14",
                "align-items-xs-center": "MuiGrid-align-items-xs-center-11",
                "align-items-xs-flex-end": "MuiGrid-align-items-xs-flex-end-13",
                "align-items-xs-flex-start": "MuiGrid-align-items-xs-flex-start-12",
                "container": "MuiGrid-container-3",
                "direction-xs-column": "MuiGrid-direction-xs-column-6",
                "direction-xs-column-reverse": "MuiGrid-direction-xs-column-reverse-7",
                "direction-xs-row-reverse": "MuiGrid-direction-xs-row-reverse-8",
                "grid-lg-1": "MuiGrid-grid-lg-1-74",
                "grid-lg-10": "MuiGrid-grid-lg-10-83",
                "grid-lg-11": "MuiGrid-grid-lg-11-84",
                "grid-lg-12": "MuiGrid-grid-lg-12-85",
                "grid-lg-2": "MuiGrid-grid-lg-2-75",
                "grid-lg-3": "MuiGrid-grid-lg-3-76",
                "grid-lg-4": "MuiGrid-grid-lg-4-77",
                "grid-lg-5": "MuiGrid-grid-lg-5-78",
                "grid-lg-6": "MuiGrid-grid-lg-6-79",
                "grid-lg-7": "MuiGrid-grid-lg-7-80",
                "grid-lg-8": "MuiGrid-grid-lg-8-81",
                "grid-lg-9": "MuiGrid-grid-lg-9-82",
                "grid-lg-auto": "MuiGrid-grid-lg-auto-72",
                "grid-lg-true": "MuiGrid-grid-lg-true-73",
                "grid-md-1": "MuiGrid-grid-md-1-60",
                "grid-md-10": "MuiGrid-grid-md-10-69",
                "grid-md-11": "MuiGrid-grid-md-11-70",
                "grid-md-12": "MuiGrid-grid-md-12-71",
                "grid-md-2": "MuiGrid-grid-md-2-61",
                "grid-md-3": "MuiGrid-grid-md-3-62",
                "grid-md-4": "MuiGrid-grid-md-4-63",
                "grid-md-5": "MuiGrid-grid-md-5-64",
                "grid-md-6": "MuiGrid-grid-md-6-65",
                "grid-md-7": "MuiGrid-grid-md-7-66",
                "grid-md-8": "MuiGrid-grid-md-8-67",
                "grid-md-9": "MuiGrid-grid-md-9-68",
                "grid-md-auto": "MuiGrid-grid-md-auto-58",
                "grid-md-true": "MuiGrid-grid-md-true-59",
                "grid-sm-1": "MuiGrid-grid-sm-1-46",
                "grid-sm-10": "MuiGrid-grid-sm-10-55",
                "grid-sm-11": "MuiGrid-grid-sm-11-56",
                "grid-sm-12": "MuiGrid-grid-sm-12-57",
                "grid-sm-2": "MuiGrid-grid-sm-2-47",
                "grid-sm-3": "MuiGrid-grid-sm-3-48",
                "grid-sm-4": "MuiGrid-grid-sm-4-49",
                "grid-sm-5": "MuiGrid-grid-sm-5-50",
                "grid-sm-6": "MuiGrid-grid-sm-6-51",
                "grid-sm-7": "MuiGrid-grid-sm-7-52",
                "grid-sm-8": "MuiGrid-grid-sm-8-53",
                "grid-sm-9": "MuiGrid-grid-sm-9-54",
                "grid-sm-auto": "MuiGrid-grid-sm-auto-44",
                "grid-sm-true": "MuiGrid-grid-sm-true-45",
                "grid-xl-1": "MuiGrid-grid-xl-1-88",
                "grid-xl-10": "MuiGrid-grid-xl-10-97",
                "grid-xl-11": "MuiGrid-grid-xl-11-98",
                "grid-xl-12": "MuiGrid-grid-xl-12-99",
                "grid-xl-2": "MuiGrid-grid-xl-2-89",
                "grid-xl-3": "MuiGrid-grid-xl-3-90",
                "grid-xl-4": "MuiGrid-grid-xl-4-91",
                "grid-xl-5": "MuiGrid-grid-xl-5-92",
                "grid-xl-6": "MuiGrid-grid-xl-6-93",
                "grid-xl-7": "MuiGrid-grid-xl-7-94",
                "grid-xl-8": "MuiGrid-grid-xl-8-95",
                "grid-xl-9": "MuiGrid-grid-xl-9-96",
                "grid-xl-auto": "MuiGrid-grid-xl-auto-86",
                "grid-xl-true": "MuiGrid-grid-xl-true-87",
                "grid-xs-1": "MuiGrid-grid-xs-1-32",
                "grid-xs-10": "MuiGrid-grid-xs-10-41",
                "grid-xs-11": "MuiGrid-grid-xs-11-42",
                "grid-xs-12": "MuiGrid-grid-xs-12-43",
                "grid-xs-2": "MuiGrid-grid-xs-2-33",
                "grid-xs-3": "MuiGrid-grid-xs-3-34",
                "grid-xs-4": "MuiGrid-grid-xs-4-35",
                "grid-xs-5": "MuiGrid-grid-xs-5-36",
                "grid-xs-6": "MuiGrid-grid-xs-6-37",
                "grid-xs-7": "MuiGrid-grid-xs-7-38",
                "grid-xs-8": "MuiGrid-grid-xs-8-39",
                "grid-xs-9": "MuiGrid-grid-xs-9-40",
                "grid-xs-auto": "MuiGrid-grid-xs-auto-30",
                "grid-xs-true": "MuiGrid-grid-xs-true-31",
                "item": "MuiGrid-item-4",
                "justify-xs-center": "MuiGrid-justify-xs-center-20",
                "justify-xs-flex-end": "MuiGrid-justify-xs-flex-end-21",
                "justify-xs-space-around": "MuiGrid-justify-xs-space-around-23",
                "justify-xs-space-between": "MuiGrid-justify-xs-space-between-22",
                "justify-xs-space-evenly": "MuiGrid-justify-xs-space-evenly-24",
                "spacing-xs-16": "MuiGrid-spacing-xs-16-26",
                "spacing-xs-24": "MuiGrid-spacing-xs-24-27",
                "spacing-xs-32": "MuiGrid-spacing-xs-32-28",
                "spacing-xs-40": "MuiGrid-spacing-xs-40-29",
                "spacing-xs-8": "MuiGrid-spacing-xs-8-25",
                "wrap-xs-nowrap": "MuiGrid-wrap-xs-nowrap-9",
                "wrap-xs-wrap-reverse": "MuiGrid-wrap-xs-wrap-reverse-10",
                "zeroMinWidth": "MuiGrid-zeroMinWidth-5",
              }
            }
            component="div"
            container={true}
            direction="row"
            item={false}
            justify="center"
            lg={false}
            md={false}
            sm={false}
            spacing={0}
            wrap="wrap"
            xl={false}
            xs={false}
            zeroMinWidth={false}
          >
            <div
              className="MuiGrid-container-3 MuiGrid-align-items-xs-flex-start-12 MuiGrid-justify-xs-center-20"
            />
          </Grid>
        </WithStyles(Grid)>
      </section>
    </div>
  </Container>
</WithStyles(Container)>
`;
