// Jest Snapshot v1, https://goo.gl/fbAQLP

exports[`Admin-site <Title /> renders snapshot of Title 1`] = `
<WithStyles(Title)>
  <Title
    classes={
      Object {
        "Buttons": "Title-Buttons-1",
        "Container": "Title-Container-2",
        "Title": "Title-Title-3",
      }
    }
  >
    <div
      className="Title-Container-2"
    >
      <h1
        className="Title-Title-3"
      />
      <WithStyles(Buttons)>
        <Buttons
          classes={
            Object {
              "Buttons": "Buttons-Buttons-4",
            }
          }
        >
          <div
            className="Buttons-Buttons-4"
          >
            <button
              className="btn btn__submit"
            >
              Save Changes
            </button>
          </div>
        </Buttons>
      </WithStyles(Buttons)>
    </div>
  </Title>
</WithStyles(Title)>
`;
