// Jest Snapshot v1, https://goo.gl/fbAQLP

exports[`<FilterBox /> renders snapshot of FilterBox 1`] = `
<div
  className="container-invert"
>
  <div
    className="grid"
  >
    <OnClickOutside(FilterByText)
      appliedFilters={
        Object {
          "page": 1,
        }
      }
      eventTypes={
        Array [
          "mousedown",
          "touchstart",
        ]
      }
      excludeScrollbar={false}
      filterById={false}
      filterName="Search Box"
      getTextSearchResults={[Function]}
      handleClickOnClearAllFilters={[Function]}
      handleOnChangeFilterOptions={[Function]}
      items={Array []}
      organizations={
        Array [
          Object {
            "contacts": Array [
              Object {
                "email": "jondoe@test.org",
                "id": 1,
                "name": "Jon Doe",
                "phones": Array [
                  Object {
                    "number": "(530) 795-1520",
                  },
                ],
              },
            ],
            "description": "orgDescription",
            "email": "jondoe@something.org",
            "id": 1,
            "locations": Array [
              Object {
                "address": Object {
                  "address_1": "123 Road St",
                  "address_2": null,
                  "city": "Sacramento",
                  "postal_code": "12345",
                  "state_province": "CA",
                },
                "id": 1,
                "name": "location1",
                "phones": Array [
                  Object {
                    "id": 2,
                    "number": "(123) 456 - 7890",
                  },
                ],
              },
              Object {
                "address": Object {
                  "address_1": "456 Street Rd",
                  "address_2": null,
                  "city": "Sacramento",
                  "postal_code": "12345",
                  "state_province": "CA",
                },
                "id": 2,
                "name": "location2",
                "phones": Array [
                  Object {
                    "id": 3,
                    "number": "(123) 456 - 7890",
                  },
                ],
              },
            ],
            "name": "organization1",
            "phones": Array [
              Object {
                "id": 1,
                "number": "(123) 456 - 7890",
              },
            ],
            "services": Array [
              Object {
                "categories": Array [
                  Object {
                    "id": 54,
                    "name": "category1",
                  },
                  Object {
                    "id": 55,
                    "name": "category2",
                  },
                  Object {
                    "id": 56,
                    "name": "category3",
                  },
                ],
                "description": "lorem ipsum...",
                "email": null,
                "id": 1,
                "name": "service1",
                "phones": Array [],
              },
              Object {
                "categories": Array [
                  Object {
                    "id": 54,
                    "name": "category1",
                  },
                ],
                "description": "lorem ipsum...",
                "email": null,
                "id": 2,
                "name": "service2",
                "phones": Array [],
              },
            ],
          },
        ]
      }
      outsideClickIgnoreClass="ignore-react-onclickoutside"
      preventDefault={false}
      stopPropagation={false}
    />
  </div>
  <div
    className="grid col-lg-10 col-md-12 col-xs-12 bottom-xs between-xs p-left-0"
  >
    <OnClickOutside(FilterByOptions)
      eventTypes={
        Array [
          "mousedown",
          "touchstart",
        ]
      }
      excludeScrollbar={false}
      filterName="Business Services"
      filterOptions={
        Array [
          Object {
            "children": Array [
              Object {
                "id": 3,
                "name": "Bookkeeping/Accounting Software Training",
              },
              Object {
                "id": 4,
                "name": "Budget, Financial Statement & Cash Flow Training",
              },
            ],
            "id": 2,
            "name": "Financial Management",
          },
          Object {
            "children": Array [
              Object {
                "id": 11,
                "name": "Accelerator Programs",
              },
              Object {
                "id": 12,
                "name": "Equity Investors: Angels",
              },
            ],
            "id": 10,
            "name": "Capital",
          },
        ]
      }
      handleOnChangeFilterOptions={[Function]}
      outsideClickIgnoreClass="ignore-react-onclickoutside"
      preventDefault={false}
      stopPropagation={false}
    />
    <OnClickOutside(FilterByOptions)
      eventTypes={
        Array [
          "mousedown",
          "touchstart",
        ]
      }
      excludeScrollbar={false}
      filterName="Industry"
      filterOptions={
        Array [
          Object {
            "id": 172,
            "name": "Management",
          },
          Object {
            "id": 180,
            "name": "Retail",
          },
        ]
      }
      handleOnChangeFilterOptions={[Function]}
      outsideClickIgnoreClass="ignore-react-onclickoutside"
      preventDefault={false}
      stopPropagation={false}
    />
    <OnClickOutside(FilterByOptions)
      eventTypes={
        Array [
          "mousedown",
          "touchstart",
        ]
      }
      excludeScrollbar={false}
      filterName="Business Stage"
      filterOptions={
        Array [
          Object {
            "id": 146,
            "name": "Idea/Inception",
          },
          Object {
            "id": 147,
            "name": "Proof of Concept/Prototype/Market Intro",
          },
        ]
      }
      handleOnChangeFilterOptions={[Function]}
      outsideClickIgnoreClass="ignore-react-onclickoutside"
      preventDefault={false}
      stopPropagation={false}
    />
    <OnClickOutside(FilterByOptions)
      eventTypes={
        Array [
          "mousedown",
          "touchstart",
        ]
      }
      excludeScrollbar={false}
      filterName="Underserved Com..."
      filterOptions={
        Array [
          Object {
            "id": 151,
            "name": "African American",
          },
          Object {
            "id": 156,
            "name": "Native American",
          },
        ]
      }
      handleOnChangeFilterOptions={[Function]}
      outsideClickIgnoreClass="ignore-react-onclickoutside"
      preventDefault={false}
      stopPropagation={false}
    />
  </div>
</div>
`;
