// Jest Snapshot v1, https://goo.gl/fbAQLP

exports[`<Jumbotron /> renders snapshot of Events Jumbotron 1`] = `
<div
  className="events-jumbotron"
>
  <div
    className="events-jumbotron__container"
  >
    <h2
      className="events-jumbotron__title"
    >
      What's Happening
    </h2>
    <p
      className="events-jumbotron__description text-thin"
    >
      There are many events throughout the Sacramento Region for all phases of businesses. See our most popular keynote events on the event list below or explore the calendar.
    </p>
  </div>
</div>
`;
